Copyright 1986-2016 Xilinx, Inc. All Rights Reserved.
----------------------------------------------------------------------------------------------------
| Tool Version : Vivado v.2016.2 (win64) Build 1577090 Thu Jun  2 16:32:40 MDT 2016
| Date         : Sun Nov 20 17:02:55 2022
| Host         : LAPTOP-RHBK633D running 64-bit major release  (build 9200)
| Command      : report_control_sets -verbose -file openmips_min_sopc_board_control_sets_placed.rpt
| Design       : openmips_min_sopc_board
| Device       : xc7a100t
----------------------------------------------------------------------------------------------------

Control Set Information

Table of Contents
-----------------
1. Summary
2. Flip-Flop Distribution
3. Detailed Control Set Information

1. Summary
----------

+----------------------------------------------------------+-------+
|                          Status                          | Count |
+----------------------------------------------------------+-------+
| Number of unique control sets                            |   591 |
| Unused register locations in slices containing registers |    82 |
+----------------------------------------------------------+-------+


2. Flip-Flop Distribution
-------------------------

+--------------+-----------------------+------------------------+-----------------+--------------+
| Clock Enable | Synchronous Set/Reset | Asynchronous Set/Reset | Total Registers | Total Slices |
+--------------+-----------------------+------------------------+-----------------+--------------+
| No           | No                    | No                     |              98 |           44 |
| No           | No                    | Yes                    |              57 |           21 |
| No           | Yes                   | No                     |             409 |          215 |
| Yes          | No                    | No                     |              56 |           28 |
| Yes          | No                    | Yes                    |               0 |            0 |
| Yes          | Yes                   | No                     |            1818 |          846 |
+--------------+-----------------------+------------------------+-----------------+--------------+


3. Detailed Control Set Information
-----------------------------------

+-----------------------------------+----------------------------------------+----------------------------------------+------------------+----------------+
|            Clock Signal           |              Enable Signal             |            Set/Reset Signal            | Slice Load Count | Bel Load Count |
+-----------------------------------+----------------------------------------+----------------------------------------+------------------+----------------+
|                                   |                                        | rst_IBUF                               |                1 |              1 |
|  sccpu/id_ex0/o_cnt_reg[1][0]     |                                        | rst_IBUF                               |                1 |              2 |
|  seg7x16_0/seg7_clk               |                                        | rst_IBUF                               |                2 |              3 |
|  clk_BUFG                         | sccpu/MEM_WB0/o_cause_reg[9][0]        | rst_IBUF                               |                1 |              4 |
|  clk_BUFG                         | sccpu/MEM_WB0/o_cause_reg[9][1]        | rst_IBUF                               |                4 |              4 |
|  sccpu/id_ex0/mem_wdata_reg[8][0] |                                        |                                        |                3 |              5 |
|  clk_BUFG                         |                                        |                                        |                4 |              5 |
|  clk_BUFG                         | sccpu/DIV0/cnt[5]_i_1_n_5              |                                        |                3 |              6 |
|  clk_BUFG                         | sccpu/EX_MEM0/wb_wdata_reg[26]_0       |                                        |                2 |              8 |
|  clk_BUFG                         | sccpu/EX_MEM0/wb_wdata_reg[22]_0       |                                        |                2 |              8 |
|  clk_BUFG                         | sccpu/EX_MEM0/wb_wdata_reg[18]_1       |                                        |                2 |              8 |
|  clk_BUFG                         | sccpu/EX_MEM0/wb_wdata_reg[18]         |                                        |                2 |              8 |
|  clk_BUFG                         | sccpu/EX_MEM0/wb_wdata_reg[18]_0       |                                        |                2 |              8 |
|  clk_BUFG                         | sccpu/EX_MEM0/wb_wdata_reg[26]_1       |                                        |                2 |              8 |
|  clk_BUFG                         | sccpu/EX_MEM0/wb_wdata_reg[26]_2       |                                        |                2 |              8 |
|  clk_BUFG                         | sccpu/EX_MEM0/wb_wdata_reg[2]          |                                        |                2 |              8 |
|  clk_BUFG                         | sccpu/EX_MEM0/wb_wdata_reg[2]_0        |                                        |                2 |              8 |
|  clk_BUFG                         | sccpu/EX_MEM0/wb_wdata_reg[2]_1        |                                        |                2 |              8 |
|  clk_BUFG                         | sccpu/EX_MEM0/wb_wdata_reg[2]_2        |                                        |                2 |              8 |
|  clk_BUFG                         | sccpu/EX_MEM0/wb_wdata_reg[2]_3        |                                        |                2 |              8 |
|  clk_BUFG                         | sccpu/EX_MEM0/wb_wdata_reg[2]_4        |                                        |                2 |              8 |
|  clk_BUFG                         | sccpu/EX_MEM0/wb_wdata_reg[30]_0       |                                        |                2 |              8 |
|  clk_BUFG                         | sccpu/EX_MEM0/wb_wdata_reg[6]          |                                        |                2 |              8 |
|  clk_BUFG                         | sccpu/EX_MEM0/wb_wdata_reg[6]_2        |                                        |                2 |              8 |
|  clk_BUFG                         | sccpu/id_ex0/dividend_reg[2]_1         | sccpu/DIV0/dividend[31]_i_1_n_5        |                6 |             14 |
|  clk_BUFG                         | sccpu/EX_MEM0/wb_wdata_reg[22]         |                                        |                4 |             16 |
|  clk_BUFG                         | sccpu/EX_MEM0/wb_wdata_reg[30]         |                                        |                4 |             16 |
|  clk_BUFG                         | sccpu/EX_MEM0/wb_wdata_reg[6]_0        |                                        |                4 |             16 |
|  clk_BUFG                         | sccpu/EX_MEM0/wb_wdata_reg[6]_1        |                                        |                4 |             16 |
|  clk_BUFG                         | sccpu/id_ex0/dividend_reg[2]_1         |                                        |               11 |             18 |
|  clk_in_IBUF_BUFG                 |                                        |                                        |               13 |             24 |
|  clk_BUFG                         | sccpu/MEM_WB0/o_status_reg[2][0]       | rst_IBUF                               |               15 |             31 |
|  clk_BUFG                         | sccpu/MEM_WB0/array_reg_reg[26][31][0] | rst_IBUF                               |               13 |             32 |
|  clk_BUFG                         | sccpu/MEM_WB0/array_reg_reg[27][31][0] | rst_IBUF                               |               10 |             32 |
|  clk_BUFG                         | sccpu/MEM_WB0/array_reg_reg[28][31][0] | rst_IBUF                               |               13 |             32 |
|  clk_BUFG                         | sccpu/MEM_WB0/array_reg_reg[29][31][0] | rst_IBUF                               |                8 |             32 |
|  clk_BUFG                         | sccpu/MEM_WB0/array_reg_reg[2][31][0]  | rst_IBUF                               |               10 |             32 |
|  clk_BUFG                         | sccpu/MEM_WB0/array_reg_reg[30][31][0] | rst_IBUF                               |               20 |             32 |
|  clk_BUFG                         | sccpu/MEM_WB0/array_reg_reg[31][31][0] | rst_IBUF                               |               22 |             32 |
|  clk_BUFG                         | sccpu/MEM_WB0/array_reg_reg[3][31][0]  | rst_IBUF                               |               11 |             32 |
|  clk_BUFG                         | sccpu/MEM_WB0/array_reg_reg[4][31][0]  | rst_IBUF                               |               14 |             32 |
|  clk_BUFG                         | sccpu/MEM_WB0/array_reg_reg[5][31][0]  | rst_IBUF                               |               15 |             32 |
|  clk_BUFG                         | sccpu/MEM_WB0/array_reg_reg[6][31][0]  | rst_IBUF                               |               16 |             32 |
|  clk_BUFG                         | sccpu/MEM_WB0/array_reg_reg[7][31][0]  | rst_IBUF                               |               16 |             32 |
|  clk_BUFG                         | sccpu/MEM_WB0/array_reg_reg[8][0][0]   | rst_IBUF                               |               24 |             32 |
|  clk_BUFG                         | sccpu/MEM_WB0/array_reg_reg[9][31][0]  | rst_IBUF                               |               25 |             32 |
|  clk_BUFG                         | sccpu/MEM_WB0/o_badVAddr_reg[31][0]    | rst_IBUF                               |               17 |             32 |
|  clk_BUFG                         | sccpu/MEM_WB0/o_compare_reg[31][0]     | rst_IBUF                               |               12 |             32 |
|  clk_BUFG                         | sccpu/MEM_WB0/o_epc_reg[31]_0[0]       | rst_IBUF                               |               15 |             32 |
|  clk_BUFG                         | sccpu/MEM_WB0/pc_reg[0][0]             | sccpu/pc0/p_0_in                       |               13 |             32 |
|  clk_BUFG                         | sccpu/DIV0/dividend[64]_i_2_n_5        | sccpu/DIV0/dividend[64]_i_1_n_5        |                9 |             32 |
|  clk_BUFG                         | sccpu/DIV0/divisor                     |                                        |               14 |             32 |
|  clk_BUFG                         | sccpu/EX_MEM0/wb_wdata_reg[0]_0        |                                        |                8 |             32 |
|  clk_BUFG                         | sccpu/EX_MEM0/wb_wdata_reg[0]_1        |                                        |                8 |             32 |
|  clk_BUFG                         | sccpu/EX_MEM0/wb_wdata_reg[0]_10       |                                        |                8 |             32 |
|  clk_BUFG                         | sccpu/EX_MEM0/wb_wdata_reg[0]_100      |                                        |                8 |             32 |
|  clk_BUFG                         | sccpu/EX_MEM0/wb_wdata_reg[0]_101      |                                        |                8 |             32 |
|  clk_BUFG                         | sccpu/EX_MEM0/wb_wdata_reg[0]_102      |                                        |                8 |             32 |
|  clk_BUFG                         | sccpu/EX_MEM0/wb_wdata_reg[0]_103      |                                        |                8 |             32 |
|  clk_BUFG                         | sccpu/EX_MEM0/wb_wdata_reg[0]_104      |                                        |                8 |             32 |
|  clk_BUFG                         | sccpu/EX_MEM0/wb_wdata_reg[0]_105      |                                        |                8 |             32 |
|  clk_BUFG                         | sccpu/EX_MEM0/wb_wdata_reg[0]_106      |                                        |                8 |             32 |
|  clk_BUFG                         | sccpu/EX_MEM0/wb_wdata_reg[0]_107      |                                        |                8 |             32 |
|  clk_BUFG                         | sccpu/EX_MEM0/wb_wdata_reg[0]_108      |                                        |                8 |             32 |
|  clk_BUFG                         | sccpu/EX_MEM0/wb_wdata_reg[0]_109      |                                        |                8 |             32 |
|  clk_BUFG                         | sccpu/EX_MEM0/wb_wdata_reg[0]_11       |                                        |                8 |             32 |
|  clk_BUFG                         | sccpu/EX_MEM0/wb_wdata_reg[0]_110      |                                        |                8 |             32 |
|  clk_BUFG                         | sccpu/EX_MEM0/wb_wdata_reg[0]_111      |                                        |                8 |             32 |
|  clk_BUFG                         | sccpu/EX_MEM0/wb_wdata_reg[0]_112      |                                        |                8 |             32 |
|  clk_BUFG                         | sccpu/EX_MEM0/wb_wdata_reg[0]_113      |                                        |                8 |             32 |
|  clk_BUFG                         | sccpu/EX_MEM0/wb_wdata_reg[0]_114      |                                        |                8 |             32 |
|  clk_BUFG                         | sccpu/EX_MEM0/wb_wdata_reg[0]_115      |                                        |                8 |             32 |
|  clk_BUFG                         | sccpu/EX_MEM0/wb_wdata_reg[0]_116      |                                        |                8 |             32 |
|  clk_BUFG                         | sccpu/EX_MEM0/wb_wdata_reg[0]_117      |                                        |                8 |             32 |
|  clk_BUFG                         | sccpu/EX_MEM0/wb_wdata_reg[0]_118      |                                        |                8 |             32 |
|  clk_BUFG                         | sccpu/EX_MEM0/wb_wdata_reg[0]_119      |                                        |                8 |             32 |
|  clk_BUFG                         | sccpu/EX_MEM0/wb_wdata_reg[0]_12       |                                        |                8 |             32 |
|  clk_BUFG                         | sccpu/EX_MEM0/wb_wdata_reg[0]_120      |                                        |                8 |             32 |
|  clk_BUFG                         | sccpu/EX_MEM0/wb_wdata_reg[0]_121      |                                        |                8 |             32 |
|  clk_BUFG                         | sccpu/EX_MEM0/wb_wdata_reg[0]_122      |                                        |                8 |             32 |
|  clk_BUFG                         | sccpu/EX_MEM0/wb_wdata_reg[0]_123      |                                        |                8 |             32 |
|  clk_BUFG                         | sccpu/EX_MEM0/wb_wdata_reg[0]_124      |                                        |                8 |             32 |
|  clk_BUFG                         | sccpu/EX_MEM0/wb_wdata_reg[0]_125      |                                        |                8 |             32 |
|  clk_BUFG                         | sccpu/EX_MEM0/wb_wdata_reg[0]_126      |                                        |                8 |             32 |
|  clk_BUFG                         | sccpu/EX_MEM0/wb_wdata_reg[0]_127      |                                        |                8 |             32 |
|  clk_BUFG                         | sccpu/EX_MEM0/wb_wdata_reg[0]_128      |                                        |                8 |             32 |
|  clk_BUFG                         | sccpu/EX_MEM0/wb_wdata_reg[0]_129      |                                        |                8 |             32 |
|  clk_BUFG                         | sccpu/EX_MEM0/wb_wdata_reg[0]_13       |                                        |                8 |             32 |
|  clk_BUFG                         | sccpu/EX_MEM0/wb_wdata_reg[0]_130      |                                        |                8 |             32 |
|  clk_BUFG                         | sccpu/EX_MEM0/wb_wdata_reg[0]_131      |                                        |                8 |             32 |
|  clk_BUFG                         | sccpu/EX_MEM0/wb_wdata_reg[0]_132      |                                        |                8 |             32 |
|  clk_BUFG                         | sccpu/EX_MEM0/wb_wdata_reg[0]_133      |                                        |                8 |             32 |
|  clk_BUFG                         | sccpu/EX_MEM0/wb_wdata_reg[0]_134      |                                        |                8 |             32 |
|  clk_BUFG                         | sccpu/EX_MEM0/wb_wdata_reg[0]_135      |                                        |                8 |             32 |
|  clk_BUFG                         | sccpu/EX_MEM0/wb_wdata_reg[0]_136      |                                        |                8 |             32 |
|  clk_BUFG                         | sccpu/EX_MEM0/wb_wdata_reg[0]_137      |                                        |                8 |             32 |
|  clk_BUFG                         | sccpu/EX_MEM0/wb_wdata_reg[0]_138      |                                        |                8 |             32 |
|  clk_BUFG                         | sccpu/EX_MEM0/wb_wdata_reg[0]_139      |                                        |                8 |             32 |
|  clk_BUFG                         | sccpu/EX_MEM0/wb_wdata_reg[0]_14       |                                        |                8 |             32 |
|  clk_BUFG                         | sccpu/EX_MEM0/wb_wdata_reg[0]_140      |                                        |                8 |             32 |
|  clk_BUFG                         | sccpu/EX_MEM0/wb_wdata_reg[0]_141      |                                        |                8 |             32 |
|  clk_BUFG                         | sccpu/EX_MEM0/wb_wdata_reg[0]_142      |                                        |                8 |             32 |
|  clk_BUFG                         | sccpu/EX_MEM0/wb_wdata_reg[0]_143      |                                        |                8 |             32 |
|  clk_BUFG                         | sccpu/EX_MEM0/wb_wdata_reg[0]_144      |                                        |                8 |             32 |
|  clk_BUFG                         | sccpu/EX_MEM0/wb_wdata_reg[0]_145      |                                        |                8 |             32 |
|  clk_BUFG                         | sccpu/EX_MEM0/wb_wdata_reg[0]_146      |                                        |                8 |             32 |
|  clk_BUFG                         | sccpu/EX_MEM0/wb_wdata_reg[0]_147      |                                        |                8 |             32 |
|  clk_BUFG                         | sccpu/EX_MEM0/wb_wdata_reg[0]_148      |                                        |                8 |             32 |
|  clk_BUFG                         | sccpu/EX_MEM0/wb_wdata_reg[0]_149      |                                        |                8 |             32 |
|  clk_BUFG                         | sccpu/EX_MEM0/wb_wdata_reg[0]_15       |                                        |                8 |             32 |
|  clk_BUFG                         | sccpu/EX_MEM0/wb_wdata_reg[0]_150      |                                        |                8 |             32 |
|  clk_BUFG                         | sccpu/EX_MEM0/wb_wdata_reg[0]_151      |                                        |                8 |             32 |
|  clk_BUFG                         | sccpu/EX_MEM0/wb_wdata_reg[0]_152      |                                        |                8 |             32 |
|  clk_BUFG                         | sccpu/EX_MEM0/wb_wdata_reg[0]_153      |                                        |                8 |             32 |
|  clk_BUFG                         | sccpu/EX_MEM0/wb_wdata_reg[0]_154      |                                        |                8 |             32 |
|  clk_BUFG                         | sccpu/EX_MEM0/wb_wdata_reg[0]_155      |                                        |                8 |             32 |
|  clk_BUFG                         | sccpu/EX_MEM0/wb_wdata_reg[0]_156      |                                        |                8 |             32 |
|  clk_BUFG                         | sccpu/EX_MEM0/wb_wdata_reg[0]_157      |                                        |                8 |             32 |
|  clk_BUFG                         | sccpu/EX_MEM0/wb_wdata_reg[0]_158      |                                        |                8 |             32 |
|  clk_BUFG                         | sccpu/EX_MEM0/wb_wdata_reg[0]_159      |                                        |                8 |             32 |
|  clk_BUFG                         | sccpu/EX_MEM0/wb_wdata_reg[0]_16       |                                        |                8 |             32 |
|  clk_BUFG                         | sccpu/EX_MEM0/wb_wdata_reg[0]_160      |                                        |                8 |             32 |
|  clk_BUFG                         | sccpu/EX_MEM0/wb_wdata_reg[0]_161      |                                        |                8 |             32 |
|  clk_BUFG                         | sccpu/EX_MEM0/wb_wdata_reg[0]_162      |                                        |                8 |             32 |
|  clk_BUFG                         | sccpu/EX_MEM0/wb_wdata_reg[0]_163      |                                        |                8 |             32 |
|  clk_BUFG                         | sccpu/EX_MEM0/wb_wdata_reg[0]_164      |                                        |                8 |             32 |
|  clk_BUFG                         | sccpu/EX_MEM0/wb_wdata_reg[0]_165      |                                        |                8 |             32 |
|  clk_BUFG                         | sccpu/EX_MEM0/wb_wdata_reg[0]_166      |                                        |                8 |             32 |
|  clk_BUFG                         | sccpu/EX_MEM0/wb_wdata_reg[0]_167      |                                        |                8 |             32 |
|  clk_BUFG                         | sccpu/EX_MEM0/wb_wdata_reg[0]_168      |                                        |                8 |             32 |
|  clk_BUFG                         | sccpu/EX_MEM0/wb_wdata_reg[0]_169      |                                        |                8 |             32 |
|  clk_BUFG                         | sccpu/EX_MEM0/wb_wdata_reg[0]_17       |                                        |                8 |             32 |
|  clk_BUFG                         | sccpu/EX_MEM0/wb_wdata_reg[0]_170      |                                        |                8 |             32 |
|  clk_BUFG                         | sccpu/EX_MEM0/wb_wdata_reg[0]_171      |                                        |                8 |             32 |
|  clk_BUFG                         | sccpu/EX_MEM0/wb_wdata_reg[0]_172      |                                        |                8 |             32 |
|  clk_BUFG                         | sccpu/EX_MEM0/wb_wdata_reg[0]_173      |                                        |                8 |             32 |
|  clk_BUFG                         | sccpu/EX_MEM0/wb_wdata_reg[0]_174      |                                        |                8 |             32 |
|  clk_BUFG                         | sccpu/EX_MEM0/wb_wdata_reg[0]_175      |                                        |                8 |             32 |
|  clk_BUFG                         | sccpu/EX_MEM0/wb_wdata_reg[0]_176      |                                        |                8 |             32 |
|  clk_BUFG                         | sccpu/EX_MEM0/wb_wdata_reg[0]_177      |                                        |                8 |             32 |
|  clk_BUFG                         | sccpu/EX_MEM0/wb_wdata_reg[0]_178      |                                        |                8 |             32 |
|  clk_BUFG                         | sccpu/EX_MEM0/wb_wdata_reg[0]_179      |                                        |                8 |             32 |
|  clk_BUFG                         | sccpu/EX_MEM0/wb_wdata_reg[0]_18       |                                        |                8 |             32 |
|  clk_BUFG                         | sccpu/EX_MEM0/wb_wdata_reg[0]_180      |                                        |                8 |             32 |
|  clk_BUFG                         | sccpu/EX_MEM0/wb_wdata_reg[0]_181      |                                        |                8 |             32 |
|  clk_BUFG                         | sccpu/EX_MEM0/wb_wdata_reg[0]_182      |                                        |                8 |             32 |
|  clk_BUFG                         | sccpu/EX_MEM0/wb_wdata_reg[0]_183      |                                        |                8 |             32 |
|  clk_BUFG                         | sccpu/EX_MEM0/wb_wdata_reg[0]_184      |                                        |                8 |             32 |
|  clk_BUFG                         | sccpu/EX_MEM0/wb_wdata_reg[0]_185      |                                        |                8 |             32 |
|  clk_BUFG                         | sccpu/EX_MEM0/wb_wdata_reg[0]_186      |                                        |                8 |             32 |
|  clk_BUFG                         | sccpu/EX_MEM0/wb_wdata_reg[0]_187      |                                        |                8 |             32 |
|  clk_BUFG                         | sccpu/EX_MEM0/wb_wdata_reg[0]_188      |                                        |                8 |             32 |
|  clk_BUFG                         | sccpu/EX_MEM0/wb_wdata_reg[0]_189      |                                        |                8 |             32 |
|  clk_BUFG                         | sccpu/EX_MEM0/wb_wdata_reg[0]_19       |                                        |                8 |             32 |
|  clk_BUFG                         | sccpu/EX_MEM0/wb_wdata_reg[0]_190      |                                        |                8 |             32 |
|  clk_BUFG                         | sccpu/EX_MEM0/wb_wdata_reg[0]_191      |                                        |                8 |             32 |
|  clk_BUFG                         | sccpu/EX_MEM0/wb_wdata_reg[0]_192      |                                        |                8 |             32 |
|  clk_BUFG                         | sccpu/EX_MEM0/wb_wdata_reg[0]_193      |                                        |                8 |             32 |
|  clk_BUFG                         | sccpu/EX_MEM0/wb_wdata_reg[0]_194      |                                        |                8 |             32 |
|  clk_BUFG                         | sccpu/EX_MEM0/wb_wdata_reg[0]_195      |                                        |                8 |             32 |
|  clk_BUFG                         | sccpu/EX_MEM0/wb_wdata_reg[0]_196      |                                        |                8 |             32 |
|  clk_BUFG                         | sccpu/EX_MEM0/wb_wdata_reg[0]_197      |                                        |                8 |             32 |
|  clk_BUFG                         | sccpu/EX_MEM0/wb_wdata_reg[0]_198      |                                        |                8 |             32 |
|  clk_BUFG                         | sccpu/EX_MEM0/wb_wdata_reg[0]_199      |                                        |                8 |             32 |
|  clk_BUFG                         | sccpu/EX_MEM0/wb_wdata_reg[0]_2        |                                        |                8 |             32 |
|  clk_BUFG                         | sccpu/EX_MEM0/wb_wdata_reg[0]_20       |                                        |                8 |             32 |
|  clk_BUFG                         | sccpu/EX_MEM0/wb_wdata_reg[0]_200      |                                        |                8 |             32 |
|  clk_BUFG                         | sccpu/EX_MEM0/wb_wdata_reg[0]_201      |                                        |                8 |             32 |
|  clk_BUFG                         | sccpu/EX_MEM0/wb_wdata_reg[0]_202      |                                        |                8 |             32 |
|  clk_BUFG                         | sccpu/EX_MEM0/wb_wdata_reg[0]_203      |                                        |                8 |             32 |
|  clk_BUFG                         | sccpu/EX_MEM0/wb_wdata_reg[0]_204      |                                        |                8 |             32 |
|  clk_BUFG                         | sccpu/EX_MEM0/wb_wdata_reg[0]_205      |                                        |                8 |             32 |
|  clk_BUFG                         | sccpu/EX_MEM0/wb_wdata_reg[0]_206      |                                        |                8 |             32 |
|  clk_BUFG                         | sccpu/EX_MEM0/wb_wdata_reg[0]_207      |                                        |                8 |             32 |
|  clk_BUFG                         | sccpu/EX_MEM0/wb_wdata_reg[0]_208      |                                        |                8 |             32 |
|  clk_BUFG                         | sccpu/EX_MEM0/wb_wdata_reg[0]_209      |                                        |                8 |             32 |
|  clk_BUFG                         | sccpu/EX_MEM0/wb_wdata_reg[0]_21       |                                        |                8 |             32 |
|  clk_BUFG                         | sccpu/EX_MEM0/wb_wdata_reg[0]_210      |                                        |                8 |             32 |
|  clk_BUFG                         | sccpu/EX_MEM0/wb_wdata_reg[0]_211      |                                        |                8 |             32 |
|  clk_BUFG                         | sccpu/EX_MEM0/wb_wdata_reg[0]_212      |                                        |                8 |             32 |
|  clk_BUFG                         | sccpu/EX_MEM0/wb_wdata_reg[0]_213      |                                        |                8 |             32 |
|  clk_BUFG                         | sccpu/EX_MEM0/wb_wdata_reg[0]_214      |                                        |                8 |             32 |
|  clk_BUFG                         | sccpu/EX_MEM0/wb_wdata_reg[0]_215      |                                        |                8 |             32 |
|  clk_BUFG                         | sccpu/EX_MEM0/wb_wdata_reg[0]_216      |                                        |                8 |             32 |
|  clk_BUFG                         | sccpu/EX_MEM0/wb_wdata_reg[0]_217      |                                        |                8 |             32 |
|  clk_BUFG                         | sccpu/EX_MEM0/wb_wdata_reg[0]_218      |                                        |                8 |             32 |
|  clk_BUFG                         | sccpu/EX_MEM0/wb_wdata_reg[0]_219      |                                        |                8 |             32 |
|  clk_BUFG                         | sccpu/EX_MEM0/wb_wdata_reg[0]_22       |                                        |                8 |             32 |
|  clk_BUFG                         | sccpu/EX_MEM0/wb_wdata_reg[0]_220      |                                        |                8 |             32 |
|  clk_BUFG                         | sccpu/EX_MEM0/wb_wdata_reg[0]_221      |                                        |                8 |             32 |
|  clk_BUFG                         | sccpu/EX_MEM0/wb_wdata_reg[0]_222      |                                        |                8 |             32 |
|  clk_BUFG                         | sccpu/EX_MEM0/wb_wdata_reg[0]_223      |                                        |                8 |             32 |
|  clk_BUFG                         | sccpu/EX_MEM0/wb_wdata_reg[0]_224      |                                        |                8 |             32 |
|  clk_BUFG                         | sccpu/EX_MEM0/wb_wdata_reg[0]_225      |                                        |                8 |             32 |
|  clk_BUFG                         | sccpu/EX_MEM0/wb_wdata_reg[0]_226      |                                        |                8 |             32 |
|  clk_BUFG                         | sccpu/EX_MEM0/wb_wdata_reg[0]_227      |                                        |                8 |             32 |
|  clk_BUFG                         | sccpu/EX_MEM0/wb_wdata_reg[0]_228      |                                        |                8 |             32 |
|  clk_BUFG                         | sccpu/EX_MEM0/wb_wdata_reg[0]_229      |                                        |                8 |             32 |
|  clk_BUFG                         | sccpu/EX_MEM0/wb_wdata_reg[0]_23       |                                        |                8 |             32 |
|  clk_BUFG                         | sccpu/EX_MEM0/wb_wdata_reg[0]_230      |                                        |                8 |             32 |
|  clk_BUFG                         | sccpu/EX_MEM0/wb_wdata_reg[0]_231      |                                        |                8 |             32 |
|  clk_BUFG                         | sccpu/EX_MEM0/wb_wdata_reg[0]_232      |                                        |                8 |             32 |
|  clk_BUFG                         | sccpu/EX_MEM0/wb_wdata_reg[0]_233      |                                        |                8 |             32 |
|  clk_BUFG                         | sccpu/EX_MEM0/wb_wdata_reg[0]_234      |                                        |                8 |             32 |
|  clk_BUFG                         | sccpu/EX_MEM0/wb_wdata_reg[0]_235      |                                        |                8 |             32 |
|  clk_BUFG                         | sccpu/EX_MEM0/wb_wdata_reg[0]_236      |                                        |                8 |             32 |
|  clk_BUFG                         | sccpu/EX_MEM0/wb_wdata_reg[0]_237      |                                        |                8 |             32 |
|  clk_BUFG                         | sccpu/EX_MEM0/wb_wdata_reg[0]_238      |                                        |                8 |             32 |
|  clk_BUFG                         | sccpu/EX_MEM0/wb_wdata_reg[0]_239      |                                        |                8 |             32 |
|  clk_BUFG                         | sccpu/EX_MEM0/wb_wdata_reg[0]_24       |                                        |                8 |             32 |
|  clk_BUFG                         | sccpu/EX_MEM0/wb_wdata_reg[0]_240      |                                        |                8 |             32 |
|  clk_BUFG                         | sccpu/EX_MEM0/wb_wdata_reg[0]_241      |                                        |                8 |             32 |
|  clk_BUFG                         | sccpu/EX_MEM0/wb_wdata_reg[0]_242      |                                        |                8 |             32 |
|  clk_BUFG                         | sccpu/EX_MEM0/wb_wdata_reg[0]_243      |                                        |                8 |             32 |
|  clk_BUFG                         | sccpu/EX_MEM0/wb_wdata_reg[0]_244      |                                        |                8 |             32 |
|  clk_BUFG                         | sccpu/EX_MEM0/wb_wdata_reg[0]_245      |                                        |                8 |             32 |
|  clk_BUFG                         | sccpu/EX_MEM0/wb_wdata_reg[0]_246      |                                        |                8 |             32 |
|  clk_BUFG                         | sccpu/EX_MEM0/wb_wdata_reg[0]_247      |                                        |                8 |             32 |
|  clk_BUFG                         | sccpu/EX_MEM0/wb_wdata_reg[0]_248      |                                        |                8 |             32 |
|  clk_BUFG                         | sccpu/EX_MEM0/wb_wdata_reg[0]_249      |                                        |                8 |             32 |
|  clk_BUFG                         | sccpu/EX_MEM0/wb_wdata_reg[0]_25       |                                        |                8 |             32 |
|  clk_BUFG                         | sccpu/EX_MEM0/wb_wdata_reg[0]_250      |                                        |                8 |             32 |
|  clk_BUFG                         | sccpu/EX_MEM0/wb_wdata_reg[0]_251      |                                        |                8 |             32 |
|  clk_BUFG                         | sccpu/EX_MEM0/wb_wdata_reg[0]_252      |                                        |                8 |             32 |
|  clk_BUFG                         | sccpu/EX_MEM0/wb_wdata_reg[0]_253      |                                        |                8 |             32 |
|  clk_BUFG                         | sccpu/EX_MEM0/wb_wdata_reg[0]_254      |                                        |                8 |             32 |
|  clk_BUFG                         | sccpu/EX_MEM0/wb_wdata_reg[0]_26       |                                        |                8 |             32 |
|  clk_BUFG                         | sccpu/EX_MEM0/wb_wdata_reg[0]_27       |                                        |                8 |             32 |
|  clk_BUFG                         | sccpu/EX_MEM0/wb_wdata_reg[0]_28       |                                        |                8 |             32 |
|  clk_BUFG                         | sccpu/EX_MEM0/wb_wdata_reg[0]_29       |                                        |                8 |             32 |
|  clk_BUFG                         | sccpu/EX_MEM0/wb_wdata_reg[0]_3        |                                        |                8 |             32 |
|  clk_BUFG                         | sccpu/EX_MEM0/wb_wdata_reg[0]_30       |                                        |                8 |             32 |
|  clk_BUFG                         | sccpu/EX_MEM0/wb_wdata_reg[0]_31       |                                        |                8 |             32 |
|  clk_BUFG                         | sccpu/EX_MEM0/wb_wdata_reg[0]_32       |                                        |                8 |             32 |
|  clk_BUFG                         | sccpu/EX_MEM0/wb_wdata_reg[0]_33       |                                        |                8 |             32 |
|  clk_BUFG                         | sccpu/EX_MEM0/wb_wdata_reg[0]_34       |                                        |                8 |             32 |
|  clk_BUFG                         | sccpu/EX_MEM0/wb_wdata_reg[0]_35       |                                        |                8 |             32 |
|  clk_BUFG                         | sccpu/EX_MEM0/wb_wdata_reg[0]_36       |                                        |                8 |             32 |
|  clk_BUFG                         | sccpu/EX_MEM0/wb_wdata_reg[0]_37       |                                        |                8 |             32 |
|  clk_BUFG                         | sccpu/EX_MEM0/wb_wdata_reg[0]_38       |                                        |                8 |             32 |
|  clk_BUFG                         | sccpu/EX_MEM0/wb_wdata_reg[0]_39       |                                        |                8 |             32 |
|  clk_BUFG                         | sccpu/EX_MEM0/wb_wdata_reg[0]_4        |                                        |                8 |             32 |
|  clk_BUFG                         | sccpu/EX_MEM0/wb_wdata_reg[0]_40       |                                        |                8 |             32 |
|  clk_BUFG                         | sccpu/EX_MEM0/wb_wdata_reg[0]_41       |                                        |                8 |             32 |
|  clk_BUFG                         | sccpu/EX_MEM0/wb_wdata_reg[0]_42       |                                        |                8 |             32 |
|  clk_BUFG                         | sccpu/EX_MEM0/wb_wdata_reg[0]_43       |                                        |                8 |             32 |
|  clk_BUFG                         | sccpu/EX_MEM0/wb_wdata_reg[0]_44       |                                        |                8 |             32 |
|  clk_BUFG                         | sccpu/EX_MEM0/wb_wdata_reg[0]_45       |                                        |                8 |             32 |
|  clk_BUFG                         | sccpu/EX_MEM0/wb_wdata_reg[0]_46       |                                        |                8 |             32 |
|  clk_BUFG                         | sccpu/EX_MEM0/wb_wdata_reg[0]_47       |                                        |                8 |             32 |
|  clk_BUFG                         | sccpu/EX_MEM0/wb_wdata_reg[0]_48       |                                        |                8 |             32 |
|  clk_BUFG                         | sccpu/EX_MEM0/wb_wdata_reg[0]_49       |                                        |                8 |             32 |
|  clk_BUFG                         | sccpu/EX_MEM0/wb_wdata_reg[0]_5        |                                        |                8 |             32 |
|  clk_BUFG                         | sccpu/EX_MEM0/wb_wdata_reg[0]_50       |                                        |                8 |             32 |
|  clk_BUFG                         | sccpu/EX_MEM0/wb_wdata_reg[0]_52       |                                        |                8 |             32 |
|  clk_BUFG                         | sccpu/EX_MEM0/wb_wdata_reg[0]_53       |                                        |                8 |             32 |
|  clk_BUFG                         | sccpu/EX_MEM0/wb_wdata_reg[0]_54       |                                        |                8 |             32 |
|  clk_BUFG                         | sccpu/EX_MEM0/wb_wdata_reg[0]_55       |                                        |                8 |             32 |
|  clk_BUFG                         | sccpu/EX_MEM0/wb_wdata_reg[0]_56       |                                        |                8 |             32 |
|  clk_BUFG                         | sccpu/EX_MEM0/wb_wdata_reg[0]_57       |                                        |                8 |             32 |
|  clk_BUFG                         | sccpu/EX_MEM0/wb_wdata_reg[0]_58       |                                        |                8 |             32 |
|  clk_BUFG                         | sccpu/EX_MEM0/wb_wdata_reg[0]_59       |                                        |                8 |             32 |
|  clk_BUFG                         | sccpu/EX_MEM0/wb_wdata_reg[0]_6        |                                        |                8 |             32 |
|  clk_BUFG                         | sccpu/EX_MEM0/wb_wdata_reg[0]_60       |                                        |                8 |             32 |
|  clk_BUFG                         | sccpu/EX_MEM0/wb_wdata_reg[0]_61       |                                        |                8 |             32 |
|  clk_BUFG                         | sccpu/EX_MEM0/wb_wdata_reg[0]_62       |                                        |                8 |             32 |
|  clk_BUFG                         | sccpu/EX_MEM0/wb_wdata_reg[0]_63       |                                        |                8 |             32 |
|  clk_BUFG                         | sccpu/EX_MEM0/wb_wdata_reg[0]_64       |                                        |                8 |             32 |
|  clk_BUFG                         | sccpu/EX_MEM0/wb_wdata_reg[0]_65       |                                        |                8 |             32 |
|  clk_BUFG                         | sccpu/EX_MEM0/wb_wdata_reg[0]_66       |                                        |                8 |             32 |
|  clk_BUFG                         | sccpu/EX_MEM0/wb_wdata_reg[0]_67       |                                        |                8 |             32 |
|  clk_BUFG                         | sccpu/EX_MEM0/wb_wdata_reg[0]_68       |                                        |                8 |             32 |
|  clk_BUFG                         | sccpu/EX_MEM0/wb_wdata_reg[0]_69       |                                        |                8 |             32 |
|  clk_BUFG                         | sccpu/EX_MEM0/wb_wdata_reg[0]_7        |                                        |                8 |             32 |
|  clk_BUFG                         | sccpu/EX_MEM0/wb_wdata_reg[0]_70       |                                        |                8 |             32 |
|  clk_BUFG                         | sccpu/EX_MEM0/wb_wdata_reg[0]_71       |                                        |                8 |             32 |
|  clk_BUFG                         | sccpu/EX_MEM0/wb_wdata_reg[0]_72       |                                        |                8 |             32 |
|  clk_BUFG                         | sccpu/EX_MEM0/wb_wdata_reg[0]_73       |                                        |                8 |             32 |
|  clk_BUFG                         | sccpu/EX_MEM0/wb_wdata_reg[0]_74       |                                        |                8 |             32 |
|  clk_BUFG                         | sccpu/EX_MEM0/wb_wdata_reg[0]_75       |                                        |                8 |             32 |
|  clk_BUFG                         | sccpu/EX_MEM0/wb_wdata_reg[0]_76       |                                        |                8 |             32 |
|  clk_BUFG                         | sccpu/EX_MEM0/wb_wdata_reg[0]_77       |                                        |                8 |             32 |
|  clk_BUFG                         | sccpu/EX_MEM0/wb_wdata_reg[0]_78       |                                        |                8 |             32 |
|  clk_BUFG                         | sccpu/EX_MEM0/wb_wdata_reg[0]_79       |                                        |                8 |             32 |
|  clk_BUFG                         | sccpu/EX_MEM0/wb_wdata_reg[0]_8        |                                        |                8 |             32 |
|  clk_BUFG                         | sccpu/EX_MEM0/wb_wdata_reg[0]_80       |                                        |                8 |             32 |
|  clk_BUFG                         | sccpu/EX_MEM0/wb_wdata_reg[0]_81       |                                        |                8 |             32 |
|  clk_BUFG                         | sccpu/EX_MEM0/wb_wdata_reg[0]_82       |                                        |                8 |             32 |
|  clk_BUFG                         | sccpu/EX_MEM0/wb_wdata_reg[0]_83       |                                        |                8 |             32 |
|  clk_BUFG                         | sccpu/EX_MEM0/wb_wdata_reg[0]_84       |                                        |                8 |             32 |
|  clk_BUFG                         | sccpu/EX_MEM0/wb_wdata_reg[0]_85       |                                        |                8 |             32 |
|  clk_BUFG                         | sccpu/EX_MEM0/wb_wdata_reg[0]_86       |                                        |                8 |             32 |
|  clk_BUFG                         | sccpu/EX_MEM0/wb_wdata_reg[0]_87       |                                        |                8 |             32 |
|  clk_BUFG                         | sccpu/EX_MEM0/wb_wdata_reg[0]_88       |                                        |                8 |             32 |
|  clk_BUFG                         | sccpu/EX_MEM0/wb_wdata_reg[0]_89       |                                        |                8 |             32 |
|  clk_BUFG                         | sccpu/EX_MEM0/wb_wdata_reg[0]_9        |                                        |                8 |             32 |
|  clk_BUFG                         | sccpu/EX_MEM0/wb_wdata_reg[0]_90       |                                        |                8 |             32 |
|  clk_BUFG                         | sccpu/EX_MEM0/wb_wdata_reg[0]_91       |                                        |                8 |             32 |
|  clk_BUFG                         | sccpu/EX_MEM0/wb_wdata_reg[0]_92       |                                        |                8 |             32 |
|  clk_BUFG                         | sccpu/EX_MEM0/wb_wdata_reg[0]_93       |                                        |                8 |             32 |
|  clk_BUFG                         | sccpu/EX_MEM0/wb_wdata_reg[0]_94       |                                        |                8 |             32 |
|  clk_BUFG                         | sccpu/EX_MEM0/wb_wdata_reg[0]_95       |                                        |                8 |             32 |
|  clk_BUFG                         | sccpu/EX_MEM0/wb_wdata_reg[0]_96       |                                        |                8 |             32 |
|  clk_BUFG                         | sccpu/EX_MEM0/wb_wdata_reg[0]_97       |                                        |                8 |             32 |
|  clk_BUFG                         | sccpu/EX_MEM0/wb_wdata_reg[0]_98       |                                        |                8 |             32 |
|  clk_BUFG                         | sccpu/EX_MEM0/wb_wdata_reg[0]_99       |                                        |                8 |             32 |
|  clk_BUFG                         | sccpu/EX_MEM0/wb_wdata_reg[16]_10      |                                        |                8 |             32 |
|  clk_BUFG                         | sccpu/EX_MEM0/wb_wdata_reg[16]_100     |                                        |                8 |             32 |
|  clk_BUFG                         | sccpu/EX_MEM0/wb_wdata_reg[16]_101     |                                        |                8 |             32 |
|  clk_BUFG                         | sccpu/EX_MEM0/wb_wdata_reg[16]_102     |                                        |                8 |             32 |
|  clk_BUFG                         | sccpu/EX_MEM0/wb_wdata_reg[16]_103     |                                        |                8 |             32 |
|  clk_BUFG                         | sccpu/EX_MEM0/wb_wdata_reg[16]_104     |                                        |                8 |             32 |
|  clk_BUFG                         | sccpu/EX_MEM0/wb_wdata_reg[16]_105     |                                        |                8 |             32 |
|  clk_BUFG                         | sccpu/EX_MEM0/wb_wdata_reg[16]_106     |                                        |                8 |             32 |
|  clk_BUFG                         | sccpu/EX_MEM0/wb_wdata_reg[16]_107     |                                        |                8 |             32 |
|  clk_BUFG                         | sccpu/EX_MEM0/wb_wdata_reg[16]_108     |                                        |                8 |             32 |
|  clk_BUFG                         | sccpu/EX_MEM0/wb_wdata_reg[16]_109     |                                        |                8 |             32 |
|  clk_BUFG                         | sccpu/EX_MEM0/wb_wdata_reg[16]_11      |                                        |                8 |             32 |
|  clk_BUFG                         | sccpu/EX_MEM0/wb_wdata_reg[16]_110     |                                        |                8 |             32 |
|  clk_BUFG                         | sccpu/EX_MEM0/wb_wdata_reg[16]_111     |                                        |                8 |             32 |
|  clk_BUFG                         | sccpu/EX_MEM0/wb_wdata_reg[16]_112     |                                        |                8 |             32 |
|  clk_BUFG                         | sccpu/EX_MEM0/wb_wdata_reg[16]_113     |                                        |                8 |             32 |
|  clk_BUFG                         | sccpu/EX_MEM0/wb_wdata_reg[16]_114     |                                        |                8 |             32 |
|  clk_BUFG                         | sccpu/EX_MEM0/wb_wdata_reg[16]_115     |                                        |                8 |             32 |
|  clk_BUFG                         | sccpu/EX_MEM0/wb_wdata_reg[16]_116     |                                        |                8 |             32 |
|  clk_BUFG                         | sccpu/EX_MEM0/wb_wdata_reg[16]_117     |                                        |                8 |             32 |
|  clk_BUFG                         | sccpu/EX_MEM0/wb_wdata_reg[16]_118     |                                        |                8 |             32 |
|  clk_BUFG                         | sccpu/EX_MEM0/wb_wdata_reg[16]_119     |                                        |                8 |             32 |
|  clk_BUFG                         | sccpu/EX_MEM0/wb_wdata_reg[16]_12      |                                        |                8 |             32 |
|  clk_BUFG                         | sccpu/EX_MEM0/wb_wdata_reg[16]_120     |                                        |                8 |             32 |
|  clk_BUFG                         | sccpu/EX_MEM0/wb_wdata_reg[16]_121     |                                        |                8 |             32 |
|  clk_BUFG                         | sccpu/EX_MEM0/wb_wdata_reg[16]_122     |                                        |                8 |             32 |
|  clk_BUFG                         | sccpu/EX_MEM0/wb_wdata_reg[16]_123     |                                        |                8 |             32 |
|  clk_BUFG                         | sccpu/EX_MEM0/wb_wdata_reg[16]_124     |                                        |                8 |             32 |
|  clk_BUFG                         | sccpu/EX_MEM0/wb_wdata_reg[16]_125     |                                        |                8 |             32 |
|  clk_BUFG                         | sccpu/EX_MEM0/wb_wdata_reg[16]_126     |                                        |                8 |             32 |
|  clk_BUFG                         | sccpu/EX_MEM0/wb_wdata_reg[16]_127     |                                        |                8 |             32 |
|  clk_BUFG                         | sccpu/EX_MEM0/wb_wdata_reg[16]_128     |                                        |                8 |             32 |
|  clk_BUFG                         | sccpu/EX_MEM0/wb_wdata_reg[16]_129     |                                        |                8 |             32 |
|  clk_BUFG                         | sccpu/EX_MEM0/wb_wdata_reg[16]_13      |                                        |                8 |             32 |
|  clk_BUFG                         | sccpu/EX_MEM0/wb_wdata_reg[16]_14      |                                        |                8 |             32 |
|  clk_BUFG                         | sccpu/EX_MEM0/wb_wdata_reg[16]_15      |                                        |                8 |             32 |
|  clk_BUFG                         | sccpu/EX_MEM0/wb_wdata_reg[16]_16      |                                        |                8 |             32 |
|  clk_BUFG                         | sccpu/EX_MEM0/wb_wdata_reg[16]_17      |                                        |                8 |             32 |
|  clk_BUFG                         | sccpu/EX_MEM0/wb_wdata_reg[16]_18      |                                        |                8 |             32 |
|  clk_BUFG                         | sccpu/EX_MEM0/wb_wdata_reg[16]_19      |                                        |                8 |             32 |
|  clk_BUFG                         | sccpu/EX_MEM0/wb_wdata_reg[16]_20      |                                        |                8 |             32 |
|  clk_BUFG                         | sccpu/EX_MEM0/wb_wdata_reg[16]_21      |                                        |                8 |             32 |
|  clk_BUFG                         | sccpu/EX_MEM0/wb_wdata_reg[16]_22      |                                        |                8 |             32 |
|  clk_BUFG                         | sccpu/EX_MEM0/wb_wdata_reg[16]_23      |                                        |                8 |             32 |
|  clk_BUFG                         | sccpu/EX_MEM0/wb_wdata_reg[16]_24      |                                        |                8 |             32 |
|  clk_BUFG                         | sccpu/EX_MEM0/wb_wdata_reg[16]_25      |                                        |                8 |             32 |
|  clk_BUFG                         | sccpu/EX_MEM0/wb_wdata_reg[16]_26      |                                        |                8 |             32 |
|  clk_BUFG                         | sccpu/EX_MEM0/wb_wdata_reg[16]_27      |                                        |                8 |             32 |
|  clk_BUFG                         | sccpu/EX_MEM0/wb_wdata_reg[16]_28      |                                        |                8 |             32 |
|  clk_BUFG                         | sccpu/EX_MEM0/wb_wdata_reg[16]_29      |                                        |                8 |             32 |
|  clk_BUFG                         | sccpu/EX_MEM0/wb_wdata_reg[16]_3       |                                        |                8 |             32 |
|  clk_BUFG                         | sccpu/EX_MEM0/wb_wdata_reg[16]_30      |                                        |                8 |             32 |
|  clk_BUFG                         | sccpu/EX_MEM0/wb_wdata_reg[16]_31      |                                        |                8 |             32 |
|  clk_BUFG                         | sccpu/EX_MEM0/wb_wdata_reg[16]_32      |                                        |                8 |             32 |
|  clk_BUFG                         | sccpu/EX_MEM0/wb_wdata_reg[16]_33      |                                        |                8 |             32 |
|  clk_BUFG                         | sccpu/EX_MEM0/wb_wdata_reg[16]_34      |                                        |                8 |             32 |
|  clk_BUFG                         | sccpu/EX_MEM0/wb_wdata_reg[16]_35      |                                        |                8 |             32 |
|  clk_BUFG                         | sccpu/EX_MEM0/wb_wdata_reg[16]_36      |                                        |                8 |             32 |
|  clk_BUFG                         | sccpu/EX_MEM0/wb_wdata_reg[16]_37      |                                        |                8 |             32 |
|  clk_BUFG                         | sccpu/EX_MEM0/wb_wdata_reg[16]_38      |                                        |                8 |             32 |
|  clk_BUFG                         | sccpu/EX_MEM0/wb_wdata_reg[16]_39      |                                        |                8 |             32 |
|  clk_BUFG                         | sccpu/EX_MEM0/wb_wdata_reg[16]_4       |                                        |                8 |             32 |
|  clk_BUFG                         | sccpu/EX_MEM0/wb_wdata_reg[16]_40      |                                        |                8 |             32 |
|  clk_BUFG                         | sccpu/EX_MEM0/wb_wdata_reg[16]_41      |                                        |                8 |             32 |
|  clk_BUFG                         | sccpu/EX_MEM0/wb_wdata_reg[16]_42      |                                        |                8 |             32 |
|  clk_BUFG                         | sccpu/EX_MEM0/wb_wdata_reg[16]_43      |                                        |                8 |             32 |
|  clk_BUFG                         | sccpu/EX_MEM0/wb_wdata_reg[16]_44      |                                        |                8 |             32 |
|  clk_BUFG                         | sccpu/EX_MEM0/wb_wdata_reg[16]_45      |                                        |                8 |             32 |
|  clk_BUFG                         | sccpu/EX_MEM0/wb_wdata_reg[16]_46      |                                        |                8 |             32 |
|  clk_BUFG                         | sccpu/EX_MEM0/wb_wdata_reg[16]_47      |                                        |                8 |             32 |
|  clk_BUFG                         | sccpu/EX_MEM0/wb_wdata_reg[16]_48      |                                        |                8 |             32 |
|  clk_BUFG                         | sccpu/EX_MEM0/wb_wdata_reg[16]_49      |                                        |                8 |             32 |
|  clk_BUFG                         | sccpu/EX_MEM0/wb_wdata_reg[16]_5       |                                        |                8 |             32 |
|  clk_BUFG                         | sccpu/EX_MEM0/wb_wdata_reg[16]_50      |                                        |                8 |             32 |
|  clk_BUFG                         | sccpu/EX_MEM0/wb_wdata_reg[16]_51      |                                        |                8 |             32 |
|  clk_BUFG                         | sccpu/EX_MEM0/wb_wdata_reg[16]_52      |                                        |                8 |             32 |
|  clk_BUFG                         | sccpu/EX_MEM0/wb_wdata_reg[16]_53      |                                        |                8 |             32 |
|  clk_BUFG                         | sccpu/EX_MEM0/wb_wdata_reg[16]_54      |                                        |                8 |             32 |
|  clk_BUFG                         | sccpu/EX_MEM0/wb_wdata_reg[16]_55      |                                        |                8 |             32 |
|  clk_BUFG                         | sccpu/EX_MEM0/wb_wdata_reg[16]_56      |                                        |                8 |             32 |
|  clk_BUFG                         | sccpu/EX_MEM0/wb_wdata_reg[16]_57      |                                        |                8 |             32 |
|  clk_BUFG                         | sccpu/EX_MEM0/wb_wdata_reg[16]_58      |                                        |                8 |             32 |
|  clk_BUFG                         | sccpu/EX_MEM0/wb_wdata_reg[16]_59      |                                        |                8 |             32 |
|  clk_BUFG                         | sccpu/EX_MEM0/wb_wdata_reg[16]_6       |                                        |                8 |             32 |
|  clk_BUFG                         | sccpu/EX_MEM0/wb_wdata_reg[16]_60      |                                        |                8 |             32 |
|  clk_BUFG                         | sccpu/EX_MEM0/wb_wdata_reg[16]_61      |                                        |                8 |             32 |
|  clk_BUFG                         | sccpu/EX_MEM0/wb_wdata_reg[16]_62      |                                        |                8 |             32 |
|  clk_BUFG                         | sccpu/EX_MEM0/wb_wdata_reg[16]_63      |                                        |                8 |             32 |
|  clk_BUFG                         | sccpu/EX_MEM0/wb_wdata_reg[16]_64      |                                        |                8 |             32 |
|  clk_BUFG                         | sccpu/EX_MEM0/wb_wdata_reg[16]_65      |                                        |                8 |             32 |
|  clk_BUFG                         | sccpu/EX_MEM0/wb_wdata_reg[16]_66      |                                        |                8 |             32 |
|  clk_BUFG                         | sccpu/EX_MEM0/wb_wdata_reg[16]_67      |                                        |                8 |             32 |
|  clk_BUFG                         | sccpu/EX_MEM0/wb_wdata_reg[16]_68      |                                        |                8 |             32 |
|  clk_BUFG                         | sccpu/EX_MEM0/wb_wdata_reg[16]_69      |                                        |                8 |             32 |
|  clk_BUFG                         | sccpu/EX_MEM0/wb_wdata_reg[16]_7       |                                        |                8 |             32 |
|  clk_BUFG                         | sccpu/EX_MEM0/wb_wdata_reg[16]_70      |                                        |                8 |             32 |
|  clk_BUFG                         | sccpu/EX_MEM0/wb_wdata_reg[16]_71      |                                        |                8 |             32 |
|  clk_BUFG                         | sccpu/EX_MEM0/wb_wdata_reg[16]_72      |                                        |                8 |             32 |
|  clk_BUFG                         | sccpu/EX_MEM0/wb_wdata_reg[16]_73      |                                        |                8 |             32 |
|  clk_BUFG                         | sccpu/EX_MEM0/wb_wdata_reg[16]_74      |                                        |                8 |             32 |
|  clk_BUFG                         | sccpu/EX_MEM0/wb_wdata_reg[16]_75      |                                        |                8 |             32 |
|  clk_BUFG                         | sccpu/EX_MEM0/wb_wdata_reg[16]_76      |                                        |                8 |             32 |
|  clk_BUFG                         | sccpu/EX_MEM0/wb_wdata_reg[16]_77      |                                        |                8 |             32 |
|  clk_BUFG                         | sccpu/EX_MEM0/wb_wdata_reg[16]_78      |                                        |                8 |             32 |
|  clk_BUFG                         | sccpu/EX_MEM0/wb_wdata_reg[16]_79      |                                        |                8 |             32 |
|  clk_BUFG                         | sccpu/EX_MEM0/wb_wdata_reg[16]_8       |                                        |                8 |             32 |
|  clk_BUFG                         | sccpu/EX_MEM0/wb_wdata_reg[16]_80      |                                        |                8 |             32 |
|  clk_BUFG                         | sccpu/EX_MEM0/wb_wdata_reg[16]_81      |                                        |                8 |             32 |
|  clk_BUFG                         | sccpu/EX_MEM0/wb_wdata_reg[16]_82      |                                        |                8 |             32 |
|  clk_BUFG                         | sccpu/EX_MEM0/wb_wdata_reg[16]_83      |                                        |                8 |             32 |
|  clk_BUFG                         | sccpu/EX_MEM0/wb_wdata_reg[16]_84      |                                        |                8 |             32 |
|  clk_BUFG                         | sccpu/EX_MEM0/wb_wdata_reg[16]_85      |                                        |                8 |             32 |
|  clk_BUFG                         | sccpu/EX_MEM0/wb_wdata_reg[16]_86      |                                        |                8 |             32 |
|  clk_BUFG                         | sccpu/EX_MEM0/wb_wdata_reg[16]_87      |                                        |                8 |             32 |
|  clk_BUFG                         | sccpu/EX_MEM0/wb_wdata_reg[16]_88      |                                        |                8 |             32 |
|  clk_BUFG                         | sccpu/EX_MEM0/wb_wdata_reg[16]_89      |                                        |                8 |             32 |
|  clk_BUFG                         | sccpu/EX_MEM0/wb_wdata_reg[16]_9       |                                        |                8 |             32 |
|  clk_BUFG                         | sccpu/EX_MEM0/wb_wdata_reg[16]_90      |                                        |                8 |             32 |
|  clk_BUFG                         | sccpu/EX_MEM0/wb_wdata_reg[16]_91      |                                        |                8 |             32 |
|  clk_BUFG                         | sccpu/EX_MEM0/wb_wdata_reg[16]_92      |                                        |                8 |             32 |
|  clk_BUFG                         | sccpu/EX_MEM0/wb_wdata_reg[16]_93      |                                        |                8 |             32 |
|  clk_BUFG                         | sccpu/EX_MEM0/wb_wdata_reg[16]_94      |                                        |                8 |             32 |
|  clk_BUFG                         | sccpu/EX_MEM0/wb_wdata_reg[16]_95      |                                        |                8 |             32 |
|  clk_BUFG                         | sccpu/EX_MEM0/wb_wdata_reg[16]_96      |                                        |                8 |             32 |
|  clk_BUFG                         | sccpu/EX_MEM0/wb_wdata_reg[16]_97      |                                        |                8 |             32 |
|  clk_BUFG                         | sccpu/EX_MEM0/wb_wdata_reg[16]_98      |                                        |                8 |             32 |
|  clk_BUFG                         | sccpu/EX_MEM0/wb_wdata_reg[16]_99      |                                        |                8 |             32 |
|  clk_BUFG                         | sccpu/EX_MEM0/wb_wdata_reg[24]_10      |                                        |                8 |             32 |
|  clk_BUFG                         | sccpu/EX_MEM0/wb_wdata_reg[24]_100     |                                        |                8 |             32 |
|  clk_BUFG                         | sccpu/EX_MEM0/wb_wdata_reg[24]_101     |                                        |                8 |             32 |
|  clk_BUFG                         | sccpu/EX_MEM0/wb_wdata_reg[24]_102     |                                        |                8 |             32 |
|  clk_BUFG                         | sccpu/EX_MEM0/wb_wdata_reg[24]_103     |                                        |                8 |             32 |
|  clk_BUFG                         | sccpu/EX_MEM0/wb_wdata_reg[24]_104     |                                        |                8 |             32 |
|  clk_BUFG                         | sccpu/EX_MEM0/wb_wdata_reg[24]_105     |                                        |                8 |             32 |
|  clk_BUFG                         | sccpu/EX_MEM0/wb_wdata_reg[24]_106     |                                        |                8 |             32 |
|  clk_BUFG                         | sccpu/EX_MEM0/wb_wdata_reg[24]_107     |                                        |                8 |             32 |
|  clk_BUFG                         | sccpu/EX_MEM0/wb_wdata_reg[24]_108     |                                        |                8 |             32 |
|  clk_BUFG                         | sccpu/EX_MEM0/wb_wdata_reg[24]_109     |                                        |                8 |             32 |
|  clk_BUFG                         | sccpu/EX_MEM0/wb_wdata_reg[24]_11      |                                        |                8 |             32 |
|  clk_BUFG                         | sccpu/EX_MEM0/wb_wdata_reg[24]_110     |                                        |                8 |             32 |
|  clk_BUFG                         | sccpu/EX_MEM0/wb_wdata_reg[24]_111     |                                        |                8 |             32 |
|  clk_BUFG                         | sccpu/EX_MEM0/wb_wdata_reg[24]_112     |                                        |                8 |             32 |
|  clk_BUFG                         | sccpu/EX_MEM0/wb_wdata_reg[24]_113     |                                        |                8 |             32 |
|  clk_BUFG                         | sccpu/EX_MEM0/wb_wdata_reg[24]_114     |                                        |                8 |             32 |
|  clk_BUFG                         | sccpu/EX_MEM0/wb_wdata_reg[24]_115     |                                        |                8 |             32 |
|  clk_BUFG                         | sccpu/EX_MEM0/wb_wdata_reg[24]_116     |                                        |                8 |             32 |
|  clk_BUFG                         | sccpu/EX_MEM0/wb_wdata_reg[24]_117     |                                        |                8 |             32 |
|  clk_BUFG                         | sccpu/EX_MEM0/wb_wdata_reg[24]_118     |                                        |                8 |             32 |
|  clk_BUFG                         | sccpu/EX_MEM0/wb_wdata_reg[24]_119     |                                        |                8 |             32 |
|  clk_BUFG                         | sccpu/EX_MEM0/wb_wdata_reg[24]_12      |                                        |                8 |             32 |
|  clk_BUFG                         | sccpu/EX_MEM0/wb_wdata_reg[24]_120     |                                        |                8 |             32 |
|  clk_BUFG                         | sccpu/EX_MEM0/wb_wdata_reg[24]_121     |                                        |                8 |             32 |
|  clk_BUFG                         | sccpu/EX_MEM0/wb_wdata_reg[24]_122     |                                        |                8 |             32 |
|  clk_BUFG                         | sccpu/EX_MEM0/wb_wdata_reg[24]_123     |                                        |                8 |             32 |
|  clk_BUFG                         | sccpu/EX_MEM0/wb_wdata_reg[24]_124     |                                        |                8 |             32 |
|  clk_BUFG                         | sccpu/EX_MEM0/wb_wdata_reg[24]_125     |                                        |                8 |             32 |
|  clk_BUFG                         | sccpu/EX_MEM0/wb_wdata_reg[24]_126     |                                        |                8 |             32 |
|  clk_BUFG                         | sccpu/EX_MEM0/wb_wdata_reg[24]_127     |                                        |                8 |             32 |
|  clk_BUFG                         | sccpu/EX_MEM0/wb_wdata_reg[24]_128     |                                        |                8 |             32 |
|  clk_BUFG                         | sccpu/EX_MEM0/wb_wdata_reg[24]_129     |                                        |                8 |             32 |
|  clk_BUFG                         | sccpu/EX_MEM0/wb_wdata_reg[24]_13      |                                        |                8 |             32 |
|  clk_BUFG                         | sccpu/EX_MEM0/wb_wdata_reg[24]_130     |                                        |                8 |             32 |
|  clk_BUFG                         | sccpu/EX_MEM0/wb_wdata_reg[24]_14      |                                        |                8 |             32 |
|  clk_BUFG                         | sccpu/EX_MEM0/wb_wdata_reg[24]_15      |                                        |                8 |             32 |
|  clk_BUFG                         | sccpu/EX_MEM0/wb_wdata_reg[24]_16      |                                        |                8 |             32 |
|  clk_BUFG                         | sccpu/EX_MEM0/wb_wdata_reg[24]_17      |                                        |                8 |             32 |
|  clk_BUFG                         | sccpu/EX_MEM0/wb_wdata_reg[24]_18      |                                        |                8 |             32 |
|  clk_BUFG                         | sccpu/EX_MEM0/wb_wdata_reg[24]_19      |                                        |                8 |             32 |
|  clk_BUFG                         | sccpu/EX_MEM0/wb_wdata_reg[24]_20      |                                        |                8 |             32 |
|  clk_BUFG                         | sccpu/EX_MEM0/wb_wdata_reg[24]_21      |                                        |                8 |             32 |
|  clk_BUFG                         | sccpu/EX_MEM0/wb_wdata_reg[24]_22      |                                        |                8 |             32 |
|  clk_BUFG                         | sccpu/EX_MEM0/wb_wdata_reg[24]_23      |                                        |                8 |             32 |
|  clk_BUFG                         | sccpu/EX_MEM0/wb_wdata_reg[24]_24      |                                        |                8 |             32 |
|  clk_BUFG                         | sccpu/EX_MEM0/wb_wdata_reg[24]_25      |                                        |                8 |             32 |
|  clk_BUFG                         | sccpu/EX_MEM0/wb_wdata_reg[24]_26      |                                        |                8 |             32 |
|  clk_BUFG                         | sccpu/EX_MEM0/wb_wdata_reg[24]_27      |                                        |                8 |             32 |
|  clk_BUFG                         | sccpu/EX_MEM0/wb_wdata_reg[24]_28      |                                        |                8 |             32 |
|  clk_BUFG                         | sccpu/EX_MEM0/wb_wdata_reg[24]_29      |                                        |                8 |             32 |
|  clk_BUFG                         | sccpu/EX_MEM0/wb_wdata_reg[24]_30      |                                        |                8 |             32 |
|  clk_BUFG                         | sccpu/EX_MEM0/wb_wdata_reg[24]_31      |                                        |                8 |             32 |
|  clk_BUFG                         | sccpu/EX_MEM0/wb_wdata_reg[24]_32      |                                        |                8 |             32 |
|  clk_BUFG                         | sccpu/EX_MEM0/wb_wdata_reg[24]_33      |                                        |                8 |             32 |
|  clk_BUFG                         | sccpu/EX_MEM0/wb_wdata_reg[24]_34      |                                        |                8 |             32 |
|  clk_BUFG                         | sccpu/EX_MEM0/wb_wdata_reg[24]_35      |                                        |                8 |             32 |
|  clk_BUFG                         | sccpu/EX_MEM0/wb_wdata_reg[24]_36      |                                        |                8 |             32 |
|  clk_BUFG                         | sccpu/EX_MEM0/wb_wdata_reg[24]_37      |                                        |                8 |             32 |
|  clk_BUFG                         | sccpu/EX_MEM0/wb_wdata_reg[24]_38      |                                        |                8 |             32 |
|  clk_BUFG                         | sccpu/EX_MEM0/wb_wdata_reg[24]_39      |                                        |                8 |             32 |
|  clk_BUFG                         | sccpu/EX_MEM0/wb_wdata_reg[24]_4       |                                        |                8 |             32 |
|  clk_BUFG                         | sccpu/EX_MEM0/wb_wdata_reg[24]_40      |                                        |                8 |             32 |
|  clk_BUFG                         | sccpu/EX_MEM0/wb_wdata_reg[24]_41      |                                        |                8 |             32 |
|  clk_BUFG                         | sccpu/EX_MEM0/wb_wdata_reg[24]_42      |                                        |                8 |             32 |
|  clk_BUFG                         | sccpu/EX_MEM0/wb_wdata_reg[24]_43      |                                        |                8 |             32 |
|  clk_BUFG                         | sccpu/EX_MEM0/wb_wdata_reg[24]_44      |                                        |                8 |             32 |
|  clk_BUFG                         | sccpu/EX_MEM0/wb_wdata_reg[24]_45      |                                        |                8 |             32 |
|  clk_BUFG                         | sccpu/EX_MEM0/wb_wdata_reg[24]_46      |                                        |                8 |             32 |
|  clk_BUFG                         | sccpu/EX_MEM0/wb_wdata_reg[24]_47      |                                        |                8 |             32 |
|  clk_BUFG                         | sccpu/EX_MEM0/wb_wdata_reg[24]_48      |                                        |                8 |             32 |
|  clk_BUFG                         | sccpu/EX_MEM0/wb_wdata_reg[24]_49      |                                        |                8 |             32 |
|  clk_BUFG                         | sccpu/EX_MEM0/wb_wdata_reg[24]_5       |                                        |                8 |             32 |
|  clk_BUFG                         | sccpu/EX_MEM0/wb_wdata_reg[24]_50      |                                        |                8 |             32 |
|  clk_BUFG                         | sccpu/EX_MEM0/wb_wdata_reg[24]_51      |                                        |                8 |             32 |
|  clk_BUFG                         | sccpu/EX_MEM0/wb_wdata_reg[24]_52      |                                        |                8 |             32 |
|  clk_BUFG                         | sccpu/EX_MEM0/wb_wdata_reg[24]_53      |                                        |                8 |             32 |
|  clk_BUFG                         | sccpu/EX_MEM0/wb_wdata_reg[24]_54      |                                        |                8 |             32 |
|  clk_BUFG                         | sccpu/EX_MEM0/wb_wdata_reg[24]_55      |                                        |                8 |             32 |
|  clk_BUFG                         | sccpu/EX_MEM0/wb_wdata_reg[24]_56      |                                        |                8 |             32 |
|  clk_BUFG                         | sccpu/EX_MEM0/wb_wdata_reg[24]_57      |                                        |                8 |             32 |
|  clk_BUFG                         | sccpu/EX_MEM0/wb_wdata_reg[24]_58      |                                        |                8 |             32 |
|  clk_BUFG                         | sccpu/EX_MEM0/wb_wdata_reg[24]_59      |                                        |                8 |             32 |
|  clk_BUFG                         | sccpu/EX_MEM0/wb_wdata_reg[24]_6       |                                        |                8 |             32 |
|  clk_BUFG                         | sccpu/EX_MEM0/wb_wdata_reg[24]_60      |                                        |                8 |             32 |
|  clk_BUFG                         | sccpu/EX_MEM0/wb_wdata_reg[24]_61      |                                        |                8 |             32 |
|  clk_BUFG                         | sccpu/EX_MEM0/wb_wdata_reg[24]_62      |                                        |                8 |             32 |
|  clk_BUFG                         | sccpu/EX_MEM0/wb_wdata_reg[24]_63      |                                        |                8 |             32 |
|  clk_BUFG                         | sccpu/EX_MEM0/wb_wdata_reg[24]_64      |                                        |                8 |             32 |
|  clk_BUFG                         | sccpu/EX_MEM0/wb_wdata_reg[24]_65      |                                        |                8 |             32 |
|  clk_BUFG                         | sccpu/EX_MEM0/wb_wdata_reg[24]_66      |                                        |                8 |             32 |
|  clk_BUFG                         | sccpu/EX_MEM0/wb_wdata_reg[24]_67      |                                        |                8 |             32 |
|  clk_BUFG                         | sccpu/EX_MEM0/wb_wdata_reg[24]_68      |                                        |                8 |             32 |
|  clk_BUFG                         | sccpu/EX_MEM0/wb_wdata_reg[24]_69      |                                        |                8 |             32 |
|  clk_BUFG                         | sccpu/EX_MEM0/wb_wdata_reg[24]_7       |                                        |                8 |             32 |
|  clk_BUFG                         | sccpu/EX_MEM0/wb_wdata_reg[24]_70      |                                        |                8 |             32 |
|  clk_BUFG                         | sccpu/EX_MEM0/wb_wdata_reg[24]_71      |                                        |                8 |             32 |
|  clk_BUFG                         | sccpu/EX_MEM0/wb_wdata_reg[24]_72      |                                        |                8 |             32 |
|  clk_BUFG                         | sccpu/EX_MEM0/wb_wdata_reg[24]_73      |                                        |                8 |             32 |
|  clk_BUFG                         | sccpu/EX_MEM0/wb_wdata_reg[24]_74      |                                        |                8 |             32 |
|  clk_BUFG                         | sccpu/EX_MEM0/wb_wdata_reg[24]_75      |                                        |                8 |             32 |
|  clk_BUFG                         | sccpu/EX_MEM0/wb_wdata_reg[24]_76      |                                        |                8 |             32 |
|  clk_BUFG                         | sccpu/EX_MEM0/wb_wdata_reg[24]_77      |                                        |                8 |             32 |
|  clk_BUFG                         | sccpu/EX_MEM0/wb_wdata_reg[24]_78      |                                        |                8 |             32 |
|  clk_BUFG                         | sccpu/EX_MEM0/wb_wdata_reg[24]_79      |                                        |                8 |             32 |
|  clk_BUFG                         | sccpu/EX_MEM0/wb_wdata_reg[24]_8       |                                        |                8 |             32 |
|  clk_BUFG                         | sccpu/EX_MEM0/wb_wdata_reg[24]_80      |                                        |                8 |             32 |
|  clk_BUFG                         | sccpu/EX_MEM0/wb_wdata_reg[24]_81      |                                        |                8 |             32 |
|  clk_BUFG                         | sccpu/EX_MEM0/wb_wdata_reg[24]_82      |                                        |                8 |             32 |
|  clk_BUFG                         | sccpu/EX_MEM0/wb_wdata_reg[24]_83      |                                        |                8 |             32 |
|  clk_BUFG                         | sccpu/EX_MEM0/wb_wdata_reg[24]_84      |                                        |                8 |             32 |
|  clk_BUFG                         | sccpu/EX_MEM0/wb_wdata_reg[24]_85      |                                        |                8 |             32 |
|  clk_BUFG                         | sccpu/EX_MEM0/wb_wdata_reg[24]_86      |                                        |                8 |             32 |
|  clk_BUFG                         | sccpu/EX_MEM0/wb_wdata_reg[24]_87      |                                        |                8 |             32 |
|  clk_BUFG                         | sccpu/EX_MEM0/wb_wdata_reg[24]_88      |                                        |                8 |             32 |
|  clk_BUFG                         | sccpu/EX_MEM0/wb_wdata_reg[24]_89      |                                        |                8 |             32 |
|  clk_BUFG                         | sccpu/EX_MEM0/wb_wdata_reg[24]_9       |                                        |                8 |             32 |
|  clk_BUFG                         | sccpu/EX_MEM0/wb_wdata_reg[24]_90      |                                        |                8 |             32 |
|  clk_BUFG                         | sccpu/EX_MEM0/wb_wdata_reg[24]_91      |                                        |                8 |             32 |
|  clk_BUFG                         | sccpu/EX_MEM0/wb_wdata_reg[24]_92      |                                        |                8 |             32 |
|  clk_BUFG                         | sccpu/EX_MEM0/wb_wdata_reg[24]_93      |                                        |                8 |             32 |
|  clk_BUFG                         | sccpu/EX_MEM0/wb_wdata_reg[24]_94      |                                        |                8 |             32 |
|  clk_BUFG                         | sccpu/EX_MEM0/wb_wdata_reg[24]_95      |                                        |                8 |             32 |
|  clk_BUFG                         | sccpu/EX_MEM0/wb_wdata_reg[24]_96      |                                        |                8 |             32 |
|  clk_BUFG                         | sccpu/EX_MEM0/wb_wdata_reg[24]_97      |                                        |                8 |             32 |
|  clk_BUFG                         | sccpu/EX_MEM0/wb_wdata_reg[24]_98      |                                        |                8 |             32 |
|  clk_BUFG                         | sccpu/EX_MEM0/wb_wdata_reg[24]_99      |                                        |                8 |             32 |
|  clk_BUFG                         | sccpu/MEM_WB0/array_reg_reg[11][31][0] | rst_IBUF                               |               13 |             32 |
|  clk_BUFG                         | sccpu/MEM_WB0/array_reg_reg[10][31][0] | rst_IBUF                               |               20 |             32 |
|  clk_BUFG                         | sccpu/MEM_WB0/array_reg_reg[12][31][0] | rst_IBUF                               |               14 |             32 |
|  clk_BUFG                         | sccpu/MEM_WB0/array_reg_reg[13][31][0] | rst_IBUF                               |               14 |             32 |
|  clk_BUFG                         | sccpu/MEM_WB0/array_reg_reg[14][31][0] | rst_IBUF                               |               15 |             32 |
|  clk_BUFG                         | sccpu/MEM_WB0/array_reg_reg[15][31][0] | rst_IBUF                               |               10 |             32 |
|  clk_BUFG                         | sccpu/MEM_WB0/array_reg_reg[16][31][0] | rst_IBUF                               |               22 |             32 |
|  clk_BUFG                         | sccpu/MEM_WB0/array_reg_reg[17][31][0] | rst_IBUF                               |               15 |             32 |
|  clk_BUFG                         | sccpu/MEM_WB0/array_reg_reg[18][31][0] | rst_IBUF                               |               11 |             32 |
|  clk_BUFG                         | sccpu/MEM_WB0/array_reg_reg[19][31][0] | rst_IBUF                               |               11 |             32 |
|  clk_BUFG                         | sccpu/MEM_WB0/array_reg_reg[1][31][0]  | rst_IBUF                               |               15 |             32 |
|  clk_BUFG                         | sccpu/MEM_WB0/array_reg_reg[20][31][0] | rst_IBUF                               |               13 |             32 |
|  clk_BUFG                         | sccpu/MEM_WB0/array_reg_reg[21][31][0] | rst_IBUF                               |                9 |             32 |
|  clk_BUFG                         | sccpu/MEM_WB0/array_reg_reg[22][31][0] | rst_IBUF                               |               10 |             32 |
|  clk_BUFG                         | sccpu/MEM_WB0/array_reg_reg[23][31][0] | rst_IBUF                               |                9 |             32 |
|  clk_BUFG                         | sccpu/MEM_WB0/array_reg_reg[24][31][0] | rst_IBUF                               |               13 |             32 |
|  clk_BUFG                         | sccpu/MEM_WB0/array_reg_reg[25][31][0] | rst_IBUF                               |               10 |             32 |
|  n_2_2508_BUFG                    |                                        | rst_IBUF                               |               23 |             32 |
|  n_3_4194_BUFG                    |                                        | rst_IBUF                               |               22 |             32 |
|  n_4_8249_BUFG                    |                                        | rst_IBUF                               |               14 |             32 |
|  clk_BUFG                         |                                        | rst_IBUF                               |               11 |             38 |
|  clk_in_IBUF_BUFG                 |                                        | rst_IBUF                               |               19 |             54 |
|  clk_BUFG                         | sccpu/if_id0/E[0]                      | sccpu/MEM_WB0/wb_cp0_reg_data_reg[0]_0 |               39 |             63 |
|  n_1_7266_BUFG                    |                                        |                                        |               24 |             64 |
|  clk_BUFG                         | sccpu/MEM_WB0/E[0]                     | rst_IBUF                               |               32 |             64 |
|  clk_BUFG                         | sccpu/DIV0/result[63]_i_1_n_5          | rst_IBUF                               |               32 |             65 |
|  n_0_2561_BUFG                    |                                        | rst_IBUF                               |               34 |             65 |
|  clk_BUFG                         |                                        | sccpu/MEM_WB0/o_cnt_reg[0][0]          |               36 |             66 |
|  clk_BUFG                         |                                        | sccpu/MEM_WB0/wb_cp0_reg_data_reg[0]_0 |               73 |            141 |
|  clk_BUFG                         | sccpu/if_id0/E[0]                      | sccpu/EX0/ex_in_delay_slot_reg         |               69 |            170 |
|  clk_BUFG                         | sccpu/EX0/E[0]                         | sccpu/MEM_WB0/SR[0]                    |              141 |            251 |
+-----------------------------------+----------------------------------------+----------------------------------------+------------------+----------------+


