#-----------------------------------------------------------
# Vivado v2016.2 (64-bit)
# SW Build 1577090 on Thu Jun  2 16:32:40 MDT 2016
# IP Build 1577682 on Fri Jun  3 12:00:54 MDT 2016
# Start of session at: Fri Dec 09 14:50:55 2022
# Process ID: 11536
# Current directory: D:/desktop/MIPS_CPU
# Command line: vivado.exe -gui_launcher_event rodinguilauncherevent11136 D:\desktop\MIPS_CPU\CPU54.xpr
# Log file: D:/desktop/MIPS_CPU/vivado.log
# Journal file: D:/desktop/MIPS_CPU\vivado.jou
#-----------------------------------------------------------
start_gui
open_project D:/desktop/MIPS_CPU/CPU54.xpr
remove_files D:/desktop/MIPS_CPU/CPU54.srcs/sources_1/new/spm.v
file delete -force D:/desktop/MIPS_CPU/CPU54.srcs/sources_1/new/spm.v
close [ open D:/desktop/MIPS_CPU/CPU54.srcs/sources_1/new/LLbit.v w ]
add_files D:/desktop/MIPS_CPU/CPU54.srcs/sources_1/new/LLbit.v
# Disabling source management mode.  This is to allow the top design properties to be set without GUI intervention.
set_property source_mgmt_mode None [current_project]
set_property top openmips_min_sopc [current_fileset]
# Re-enabling previously disabled source management mode.
set_property source_mgmt_mode DisplayOnly [current_project]
launch_simulation -install_path D:/digital_logic/modelsim_10.4c/_modelsim/win32
